nohup: ignoring input
========================================
catELMo Training - Diversity Selection
========================================

Verifying files...
✓ Vocabulary file: /home/sagemaker-user/comp-bio-project/data/vocab_amino_acids.txt
✓ Training data: /home/sagemaker-user/comp-bio-project/data/formatted_for_catelmo/selection/tcr_diversity_10pct.txt (417388 sequences)

✓ Output directory: /home/sagemaker-user/comp-bio-project/models/embeddings/diversity_10pct

Training Data Statistics:
C A S S L V A T G N T G E L F F
C A S S K G T V S G L S G
C A S S P L E W E G P T E A F F
...

Training Parameters:
  - Architecture: 4-layer BiLSTM (4096 hidden, 1024 projection)
  - Epochs: 10
  - Batch size: 128
  - Vocabulary size: 23 (20 amino acids + 3 special tokens)

========================================
Starting Training...
========================================

/home/sagemaker-user/.conda/envs/tf26/lib/python3.6/site-packages/keras/layers/legacy_rnn/rnn_cell_impl.py:901: UserWarning: `tf.nn.rnn_cell.LSTMCell` is deprecated and will be removed in a future version. This class is equivalent as `tf.keras.layers.LSTMCell`, and will be replaced by that in Tensorflow 2.0.
  warnings.warn("`tf.nn.rnn_cell.LSTMCell` is deprecated and will be "
WARNING:tensorflow:`tf.nn.rnn_cell.MultiRNNCell` is deprecated. This class is equivalent as `tf.keras.layers.StackedRNNCells`, and will be replaced by that in Tensorflow 2.0.
WARNING:tensorflow:From /home/sagemaker-user/comp-bio-project/catelmo-baseline/bilm-tf/bilm/training.py:411: static_rnn (from tensorflow.python.ops.rnn) is deprecated and will be removed in a future version.
Instructions for updating:
Please use `keras.layers.RNN(cell, unroll=True)`, which is equivalent to this API
/home/sagemaker-user/.conda/envs/tf26/lib/python3.6/site-packages/keras/engine/base_layer_v1.py:1684: UserWarning: `layer.add_variable` is deprecated and will be removed in a future version. Please use `layer.add_weight` method instead.
  warnings.warn('`layer.add_variable` is deprecated and '
WARNING:tensorflow:From /home/sagemaker-user/.conda/envs/tf26/lib/python3.6/site-packages/keras/layers/legacy_rnn/rnn_cell_impl.py:979: calling Zeros.__init__ (from tensorflow.python.ops.init_ops) with dtype is deprecated and will be removed in a future version.
Instructions for updating:
Call initializer instance with the dtype argument instead of passing it to the constructor
WARNING:tensorflow:`tf.nn.rnn_cell.MultiRNNCell` is deprecated. This class is equivalent as `tf.keras.layers.StackedRNNCells`, and will be replaced by that in Tensorflow 2.0.
WARNING:tensorflow:Variable += will be deprecated. Use variable.assign_add if you want assignment to the variable value or 'x = x + y' if you want a new python Tensor object.
WARNING:tensorflow:From /home/sagemaker-user/.conda/envs/tf26/lib/python3.6/site-packages/tensorflow/python/training/adagrad.py:77: calling Constant.__init__ (from tensorflow.python.ops.init_ops) with dtype is deprecated and will be removed in a future version.
Instructions for updating:
Call initializer instance with the dtype argument instead of passing it to the constructor
WARNING:tensorflow:From /home/sagemaker-user/.conda/envs/tf26/lib/python3.6/site-packages/tensorflow/python/util/tf_should_use.py:247: initialize_all_variables (from tensorflow.python.ops.variables) is deprecated and will be removed after 2017-03-02.
Instructions for updating:
Use `tf.global_variables_initializer` instead.
2025-12-12 10:45:11.694479: I tensorflow/core/platform/cpu_feature_guard.cc:142] This TensorFlow binary is optimized with oneAPI Deep Neural Network Library (oneDNN) to use the following CPU instructions in performance-critical operations:  AVX2 FMA
To enable them in other operations, rebuild TensorFlow with the appropriate compiler flags.
2025-12-12 10:45:11.739855: I tensorflow/stream_executor/cuda/cuda_gpu_executor.cc:937] successful NUMA node read from SysFS had negative value (-1), but there must be at least one NUMA node, so returning NUMA node zero
2025-12-12 10:45:11.747238: I tensorflow/stream_executor/cuda/cuda_gpu_executor.cc:937] successful NUMA node read from SysFS had negative value (-1), but there must be at least one NUMA node, so returning NUMA node zero
2025-12-12 10:45:11.747502: I tensorflow/stream_executor/cuda/cuda_gpu_executor.cc:937] successful NUMA node read from SysFS had negative value (-1), but there must be at least one NUMA node, so returning NUMA node zero
2025-12-12 10:45:12.458897: I tensorflow/stream_executor/cuda/cuda_gpu_executor.cc:937] successful NUMA node read from SysFS had negative value (-1), but there must be at least one NUMA node, so returning NUMA node zero
2025-12-12 10:45:12.459235: I tensorflow/stream_executor/cuda/cuda_gpu_executor.cc:937] successful NUMA node read from SysFS had negative value (-1), but there must be at least one NUMA node, so returning NUMA node zero
2025-12-12 10:45:12.459481: I tensorflow/stream_executor/cuda/cuda_gpu_executor.cc:937] successful NUMA node read from SysFS had negative value (-1), but there must be at least one NUMA node, so returning NUMA node zero
2025-12-12 10:45:12.459674: I tensorflow/core/common_runtime/gpu/gpu_device.cc:1510] Created device /job:localhost/replica:0/task:0/device:GPU:0 with 14641 MB memory:  -> device: 0, name: Tesla V100-SXM2-16GB, pci bus id: 0000:00:1e.0, compute capability: 7.0
2025-12-12 10:45:20.505821: I tensorflow/stream_executor/cuda/cuda_dnn.cc:369] Loaded cuDNN version 8100
WARNING:tensorflow:Issue encountered when serializing lstm_output_embeddings.
Type is unsupported, or the types of the items don't match field type in CollectionDef. Note this is a warning and probably safe to ignore.
'list' object has no attribute 'name'
WARNING:tensorflow:Issue encountered when serializing lstm_output_embeddings.
Type is unsupported, or the types of the items don't match field type in CollectionDef. Note this is a warning and probably safe to ignore.
'list' object has no attribute 'name'
Found 1 shards at /home/sagemaker-user/comp-bio-project/data/formatted_for_catelmo/selection/tcr_diversity_10pct.txt
Loading data from: /home/sagemaker-user/comp-bio-project/data/formatted_for_catelmo/selection/tcr_diversity_10pct.txt
Loaded 417389 sentences.
Finished loading
Found 1 shards at /home/sagemaker-user/comp-bio-project/data/formatted_for_catelmo/selection/tcr_diversity_10pct.txt
Loading data from: /home/sagemaker-user/comp-bio-project/data/formatted_for_catelmo/selection/tcr_diversity_10pct.txt
Loaded 417389 sentences.
Finished loading
USING SKIP CONNECTIONS
[['global_step:0', TensorShape([])],
 ['lm/CNN/W_cnn_0:0',
  TensorShape([Dimension(1), Dimension(1), Dimension(16), Dimension(32)])],
 ['lm/CNN/W_cnn_1:0',
  TensorShape([Dimension(1), Dimension(2), Dimension(16), Dimension(32)])],
 ['lm/CNN/W_cnn_2:0',
  TensorShape([Dimension(1), Dimension(3), Dimension(16), Dimension(64)])],
 ['lm/CNN/W_cnn_3:0',
  TensorShape([Dimension(1), Dimension(4), Dimension(16), Dimension(128)])],
 ['lm/CNN/W_cnn_4:0',
  TensorShape([Dimension(1), Dimension(5), Dimension(16), Dimension(256)])],
 ['lm/CNN/W_cnn_5:0',
  TensorShape([Dimension(1), Dimension(6), Dimension(16), Dimension(512)])],
 ['lm/CNN/W_cnn_6:0',
  TensorShape([Dimension(1), Dimension(7), Dimension(16), Dimension(1024)])],
 ['lm/CNN/b_cnn_0:0', TensorShape([Dimension(32)])],
 ['lm/CNN/b_cnn_1:0', TensorShape([Dimension(32)])],
 ['lm/CNN/b_cnn_2:0', TensorShape([Dimension(64)])],
 ['lm/CNN/b_cnn_3:0', TensorShape([Dimension(128)])],
 ['lm/CNN/b_cnn_4:0', TensorShape([Dimension(256)])],
 ['lm/CNN/b_cnn_5:0', TensorShape([Dimension(512)])],
 ['lm/CNN/b_cnn_6:0', TensorShape([Dimension(1024)])],
 ['lm/CNN_high_0/W_carry:0', TensorShape([Dimension(2048), Dimension(2048)])],
 ['lm/CNN_high_0/W_transform:0',
  TensorShape([Dimension(2048), Dimension(2048)])],
 ['lm/CNN_high_0/b_carry:0', TensorShape([Dimension(2048)])],
 ['lm/CNN_high_0/b_transform:0', TensorShape([Dimension(2048)])],
 ['lm/CNN_high_1/W_carry:0', TensorShape([Dimension(2048), Dimension(2048)])],
 ['lm/CNN_high_1/W_transform:0',
  TensorShape([Dimension(2048), Dimension(2048)])],
 ['lm/CNN_high_1/b_carry:0', TensorShape([Dimension(2048)])],
 ['lm/CNN_high_1/b_transform:0', TensorShape([Dimension(2048)])],
 ['lm/CNN_proj/W_proj:0', TensorShape([Dimension(2048), Dimension(512)])],
 ['lm/CNN_proj/b_proj:0', TensorShape([Dimension(512)])],
 ['lm/RNN_0/rnn/multi_rnn_cell/cell_0/lstm_cell/bias:0',
  TensorShape([Dimension(8192)])],
 ['lm/RNN_0/rnn/multi_rnn_cell/cell_0/lstm_cell/kernel:0',
  TensorShape([Dimension(1024), Dimension(8192)])],
 ['lm/RNN_0/rnn/multi_rnn_cell/cell_0/lstm_cell/projection/kernel:0',
  TensorShape([Dimension(2048), Dimension(512)])],
 ['lm/RNN_0/rnn/multi_rnn_cell/cell_1/lstm_cell/bias:0',
  TensorShape([Dimension(8192)])],
 ['lm/RNN_0/rnn/multi_rnn_cell/cell_1/lstm_cell/kernel:0',
  TensorShape([Dimension(1024), Dimension(8192)])],
 ['lm/RNN_0/rnn/multi_rnn_cell/cell_1/lstm_cell/projection/kernel:0',
  TensorShape([Dimension(2048), Dimension(512)])],
 ['lm/RNN_1/rnn/multi_rnn_cell/cell_0/lstm_cell/bias:0',
  TensorShape([Dimension(8192)])],
 ['lm/RNN_1/rnn/multi_rnn_cell/cell_0/lstm_cell/kernel:0',
  TensorShape([Dimension(1024), Dimension(8192)])],
 ['lm/RNN_1/rnn/multi_rnn_cell/cell_0/lstm_cell/projection/kernel:0',
  TensorShape([Dimension(2048), Dimension(512)])],
 ['lm/RNN_1/rnn/multi_rnn_cell/cell_1/lstm_cell/bias:0',
  TensorShape([Dimension(8192)])],
 ['lm/RNN_1/rnn/multi_rnn_cell/cell_1/lstm_cell/kernel:0',
  TensorShape([Dimension(1024), Dimension(8192)])],
 ['lm/RNN_1/rnn/multi_rnn_cell/cell_1/lstm_cell/projection/kernel:0',
  TensorShape([Dimension(2048), Dimension(512)])],
 ['lm/char_embed:0', TensorShape([Dimension(261), Dimension(16)])],
 ['lm/softmax/W:0', TensorShape([Dimension(23), Dimension(512)])],
 ['lm/softmax/b:0', TensorShape([Dimension(23)])],
 ['train_perplexity:0', TensorShape([])]]
Training for 2 epochs and 2414 batches
Batch 100, train_perplexity=6.769102
Total time: 45.128191232681274
Batch 200, train_perplexity=4.693151
Total time: 83.28795313835144
Batch 300, train_perplexity=4.29164
Total time: 121.43021774291992
Batch 400, train_perplexity=4.0196047
Total time: 159.6805775165558
Batch 500, train_perplexity=3.9054382
Total time: 197.90390515327454
Batch 600, train_perplexity=3.751549
Total time: 236.14507699012756
Batch 700, train_perplexity=3.6908727
Total time: 274.33424067497253
Batch 800, train_perplexity=3.6616697
Total time: 312.63931035995483
Batch 900, train_perplexity=3.623993
Total time: 350.95053696632385
Batch 1000, train_perplexity=3.555401
Total time: 389.2766137123108
Batch 1100, train_perplexity=3.463721
Total time: 427.58621978759766
Batch 1200, train_perplexity=3.6997676
Total time: 465.905722618103
Loading data from: /home/sagemaker-user/comp-bio-project/data/formatted_for_catelmo/selection/tcr_diversity_10pct.txt
Loaded 417389 sentences.
Finished loading
Loading data from: /home/sagemaker-user/comp-bio-project/data/formatted_for_catelmo/selection/tcr_diversity_10pct.txt
Loaded 417389 sentences.
Finished loading
Batch 1300, train_perplexity=3.7017307
Total time: 552.2407360076904
Batch 1400, train_perplexity=3.663287
Total time: 590.4300651550293
Batch 1500, train_perplexity=3.700899
Total time: 628.7461698055267
Batch 1600, train_perplexity=3.6360106
Total time: 667.059853553772
Batch 1700, train_perplexity=3.6865914
Total time: 705.3750603199005
Batch 1800, train_perplexity=3.7413957
Total time: 743.7056033611298
Batch 1900, train_perplexity=3.6011307
Total time: 782.0315043926239
Batch 2000, train_perplexity=3.592634
Total time: 820.363498210907
Batch 2100, train_perplexity=3.6589897
Total time: 858.758702993393
Batch 2200, train_perplexity=3.5556703
Total time: 897.0566980838776
Batch 2300, train_perplexity=3.5076783
Total time: 935.43625664711
Batch 2400, train_perplexity=3.593732
Total time: 973.8039429187775
Training finished!!!

========================================
Training Complete!
========================================
Model saved to: /home/sagemaker-user/comp-bio-project/models/embeddings/diversity_10pct
